// Jest Snapshot v1, https://goo.gl/fbAQLP

exports[`KeywordsFilterItem should render properly 1`] = `
<div
  class="filter-item"
>
  <div
    class="label"
    data-testid="label"
  >
    Keywords:
  </div>
  <div
    class="MuiFormControl-root-1 MuiFormControl-fullWidth-4"
  >
    <div
      class="MuiInputBase-root-18 MuiInput-root-5 MuiInput-underline-9 MuiInputBase-fullWidth-27 MuiInput-fullWidth-12 MuiInputBase-formControl-19 MuiInput-formControl-6"
    >
      <input
        aria-invalid="false"
        class="MuiInputBase-input-28 MuiInput-input-13"
        type="text"
        value=""
      />
    </div>
  </div>
</div>
`;
